Component: ARM Compiler 6.16 Tool: armlink [5dfeaa00]

==============================================================================

Section Cross References

    spi.o(.text.spi_init) refers to aeabi_sdivfast.o(.text_divfast) for __aeabi_uidiv
    spi.o(.text.spi_init) refers to system_mkl05z4.o(.data.SystemCoreClock) for SystemCoreClock
    spi.o(.ARM.exidx.text.spi_init) refers to spi.o(.text.spi_init) for [Anonymous Symbol]
    spi.o(.text.spi_master_write) refers to spi.o(.text.spi_writeable) for spi_writeable
    spi.o(.text.spi_master_write) refers to spi.o(.text.spi_readable) for spi_readable
    spi.o(.ARM.exidx.text.spi_master_write) refers to spi.o(.text.spi_master_write) for [Anonymous Symbol]
    spi.o(.text.spi_slave_receive) refers to spi.o(.text.spi_readable) for spi_readable
    spi.o(.ARM.exidx.text.spi_slave_receive) refers to spi.o(.text.spi_slave_receive) for [Anonymous Symbol]
    spi.o(.ARM.exidx.text.spi_slave_read) refers to spi.o(.text.spi_slave_read) for [Anonymous Symbol]
    spi.o(.text.spi_slave_write) refers to spi.o(.text.spi_writeable) for spi_writeable
    spi.o(.ARM.exidx.text.spi_slave_write) refers to spi.o(.text.spi_slave_write) for [Anonymous Symbol]
    spi.o(.ARM.exidx.text.spi_writeable) refers to spi.o(.text.spi_writeable) for [Anonymous Symbol]
    spi.o(.ARM.exidx.text.spi_readable) refers to spi.o(.text.spi_readable) for [Anonymous Symbol]
    main.o(.text.main) refers to game.o(.text.start_game) for start_game
    main.o(.ARM.exidx.text.main) refers to main.o(.text.main) for [Anonymous Symbol]
    gpio.o(.ARM.exidx.text.gpio_clear) refers to gpio.o(.text.gpio_clear) for [Anonymous Symbol]
    gpio.o(.ARM.exidx.text.gpio_set) refers to gpio.o(.text.gpio_set) for [Anonymous Symbol]
    gpio.o(.ARM.exidx.text.gpio_init_pin) refers to gpio.o(.text.gpio_init_pin) for [Anonymous Symbol]
    oled.o(.text.set_oled_buffer) refers to oled.o(.bss.oled_buffer) for [Anonymous Symbol]
    oled.o(.ARM.exidx.text.set_oled_buffer) refers to oled.o(.text.set_oled_buffer) for [Anonymous Symbol]
    oled.o(.text.get_oled_buffer) refers to oled.o(.bss.oled_buffer) for [Anonymous Symbol]
    oled.o(.ARM.exidx.text.get_oled_buffer) refers to oled.o(.text.get_oled_buffer) for [Anonymous Symbol]
    oled.o(.text.clear_oled_buffer) refers to oled.o(.text.set_oled_buffer) for set_oled_buffer
    oled.o(.ARM.exidx.text.clear_oled_buffer) refers to oled.o(.text.clear_oled_buffer) for [Anonymous Symbol]
    oled.o(.text.oled_send_command) refers to gpio.o(.text.gpio_clear) for gpio_clear
    oled.o(.text.oled_send_command) refers to spi.o(.text.spi_master_write) for spi_master_write
    oled.o(.text.oled_send_command) refers to gpio.o(.text.gpio_set) for gpio_set
    oled.o(.ARM.exidx.text.oled_send_command) refers to oled.o(.text.oled_send_command) for [Anonymous Symbol]
    oled.o(.text.oled_send_data) refers to gpio.o(.text.gpio_set) for gpio_set
    oled.o(.text.oled_send_data) refers to gpio.o(.text.gpio_clear) for gpio_clear
    oled.o(.text.oled_send_data) refers to spi.o(.text.spi_master_write) for spi_master_write
    oled.o(.ARM.exidx.text.oled_send_data) refers to oled.o(.text.oled_send_data) for [Anonymous Symbol]
    oled.o(.text.oled_fill_display) refers to aeabi_memset4.o(.text) for __aeabi_memset4
    oled.o(.text.oled_fill_display) refers to oled.o(.text.oled_update_screen) for oled_update_screen
    oled.o(.text.oled_fill_display) refers to oled.o(.bss.oled_buffer) for [Anonymous Symbol]
    oled.o(.ARM.exidx.text.oled_fill_display) refers to oled.o(.text.oled_fill_display) for [Anonymous Symbol]
    oled.o(.text.oled_update_screen) refers to oled.o(.text.oled_send_command) for oled_send_command
    oled.o(.text.oled_update_screen) refers to oled.o(.text.get_oled_buffer) for get_oled_buffer
    oled.o(.text.oled_update_screen) refers to oled.o(.text.oled_send_data) for oled_send_data
    oled.o(.text.oled_update_screen) refers to oled.o(.text.clear_oled_buffer) for clear_oled_buffer
    oled.o(.ARM.exidx.text.oled_update_screen) refers to oled.o(.text.oled_update_screen) for [Anonymous Symbol]
    oled.o(.text.oled_clear_display) refers to oled.o(.text.oled_fill_display) for oled_fill_display
    oled.o(.ARM.exidx.text.oled_clear_display) refers to oled.o(.text.oled_clear_display) for [Anonymous Symbol]
    oled.o(.text.oled_draw_char) refers to font.o(.text.get_Font8) for get_Font8
    oled.o(.text.oled_draw_char) refers to oled.o(.text.oled_draw_pixel) for oled_draw_pixel
    oled.o(.ARM.exidx.text.oled_draw_char) refers to oled.o(.text.oled_draw_char) for [Anonymous Symbol]
    oled.o(.text.oled_draw_pixel) refers to oled.o(.bss.oled_buffer) for [Anonymous Symbol]
    oled.o(.ARM.exidx.text.oled_draw_pixel) refers to oled.o(.text.oled_draw_pixel) for [Anonymous Symbol]
    oled.o(.text.oled_draw_string) refers to font.o(.text.get_Font8) for get_Font8
    oled.o(.text.oled_draw_string) refers to oled.o(.text.oled_draw_char) for oled_draw_char
[...]
    .ARM.Collect$$rtexit$$00000003           0x00000176   Section        4  rtexit2.o(.ARM.Collect$$rtexit$$00000003)
    .ARM.Collect$$rtexit$$00000004           0x0000017a   Section        6  rtexit2.o(.ARM.Collect$$rtexit$$00000004)
    .emb_text                                0x00000180   Section       56  rand.o(.emb_text)
    .text                                    0x000001b8   Section       52  startup_mkl05z4.o(.text)
    .text                                    0x000001ec   Section        0  noretval__2snprintf.o(.text)
    .text                                    0x00000224   Section        0  __printf.o(.text)
    .text                                    0x00000290   Section        0  _printf_dec.o(.text)
    .text                                    0x000002fc   Section        0  rand.o(.text)
    .text                                    0x00000338   Section        0  aeabi_memset4.o(.text)
    .text                                    0x0000034a   Section        0  rt_memclr.o(.text)
    .text                                    0x0000038a   Section        0  heapauxi.o(.text)
    _printf_input_char                       0x00000391   Thumb Code    10  _printf_char_common.o(.text)
    .text                                    0x00000390   Section        0  _printf_char_common.o(.text)
    .text                                    0x000003c0   Section        0  _sputc.o(.text)
    .text                                    0x000003ca   Section        0  _snputc.o(.text)
    .text                                    0x000003da   Section        0  exit.o(.text)
    .text                                    0x000003ec   Section        8  libspace.o(.text)
    .text                                    0x000003f4   Section        0  sys_exit.o(.text)
    .ARM.__at_0x400                          0x00000400   Section       16  startup_mkl05z4.o(.ARM.__at_0x400)
    .text                                    0x00000410   Section      504  aeabi_sdivfast.o(.text)
    .text                                    0x00000608   Section        0  _printf_intcommon.o(.text)
    .text                                    0x000006b8   Section        0  rtudiv10.o(.text)
    .text                                    0x000006e0   Section       62  sys_stackheap_outer.o(.text)
    .text                                    0x0000071e   Section        2  use_no_semi.o(.text)
    [Anonymous Symbol]                       0x00000720   Section        0  klaw.o(.text.Klaw_Init)
    .text                                    0x00000720   Section        0  indicate_semi.o(.text)
    __arm_cp.12_1                            0x00000764   Number         4  klaw.o(.text.Klaw_Init)
    [Anonymous Symbol]                       0x00000768   Section        0  klaw.o(.text.Klaw_S2_4_Int)
    __arm_cp.13_0                            0x00000790   Number         4  klaw.o(.text.Klaw_S2_4_Int)
    [Anonymous Symbol]                       0x00000794   Section        0  klaw.o(.text.PORTA_IRQHandler)
    __arm_cp.17_0                            0x00000848   Number         4  klaw.o(.text.PORTA_IRQHandler)
    __arm_cp.17_1                            0x0000084c   Number         4  klaw.o(.text.PORTA_IRQHandler)
    __arm_cp.17_2                            0x00000850   Number         4  klaw.o(.text.PORTA_IRQHandler)
    SysTick_Config                           0x00000855   Thumb Code    28  menu.o(.text.SysTick_Config)
    [Anonymous Symbol]                       0x00000854   Section        0  menu.o(.text.SysTick_Config)
    __arm_cp.9_0                             0x00000870   Number         4  menu.o(.text.SysTick_Config)
    [Anonymous Symbol]                       0x00000874   Section        0  klaw.o(.text.SysTick_Handler)
    __arm_cp.18_0                            0x00000890   Number         4  klaw.o(.text.SysTick_Handler)
    __arm_cp.18_1                            0x00000894   Number         4  klaw.o(.text.SysTick_Handler)
    [Anonymous Symbol]                       0x00000898   Section        0  system_mkl05z4.o(.text.SystemInit)
    __arm_cp.0_0                             0x000008d4   Number         4  system_mkl05z4.o(.text.SystemInit)
    __arm_cp.0_1                             0x000008d8   Number         4  system_mkl05z4.o(.text.SystemInit)
    __arm_cp.0_2                             0x000008dc   Number         4  system_mkl05z4.o(.text.SystemInit)
    __arm_cp.0_3                             0x000008e0   Number         4  system_mkl05z4.o(.text.SystemInit)
    [Anonymous Symbol]                       0x000008e4   Section        0  tsi.o(.text.TSI0_IRQHandler)
    [Anonymous Symbol]                       0x000008f8   Section        0  tsi.o(.text.TSI_Init)
    __arm_cp.0_0                             0x00000934   Number         4  tsi.o(.text.TSI_Init)
    __arm_cp.0_1                             0x00000938   Number         4  tsi.o(.text.TSI_Init)
    __arm_cp.0_2                             0x0000093c   Number         4  tsi.o(.text.TSI_Init)
    __arm_cp.0_3                             0x00000940   Number         4  tsi.o(.text.TSI_Init)
    __arm_cp.0_4                             0x00000944   Number         4  tsi.o(.text.TSI_Init)
    [Anonymous Symbol]                       0x00000948   Section        0  tsi.o(.text.TSI_ReadSlider)
    __NVIC_ClearPendingIRQ                   0x0000099d   Thumb Code    12  tsi.o(.text.__NVIC_ClearPendingIRQ)
    [Anonymous Symbol]                       0x0000099c   Section        0  tsi.o(.text.__NVIC_ClearPendingIRQ)
    __NVIC_ClearPendingIRQ                   0x000009a9   Thumb Code    12  klaw.o(.text.__NVIC_ClearPendingIRQ)
    [Anonymous Symbol]                       0x000009a8   Section        0  klaw.o(.text.__NVIC_ClearPendingIRQ)
    __arm_cp.15_0                            0x000009b4   Number         4  klaw.o(.text.__NVIC_ClearPendingIRQ)
    __NVIC_EnableIRQ                         0x000009b9   Thumb Code    12  tsi.o(.text.__NVIC_EnableIRQ)
    [Anonymous Symbol]                       0x000009b8   Section        0  tsi.o(.text.__NVIC_EnableIRQ)
    __NVIC_EnableIRQ                         0x000009c5   Thumb Code    12  klaw.o(.text.__NVIC_EnableIRQ)
    [Anonymous Symbol]                       0x000009c4   Section        0  klaw.o(.text.__NVIC_EnableIRQ)
    __arm_cp.16_0                            0x000009d0   Number         4  klaw.o(.text.__NVIC_EnableIRQ)
    __NVIC_SetPriority                       0x000009d5   Thumb Code    20  tsi.o(.text.__NVIC_SetPriority)
    [Anonymous Symbol]                       0x000009d4   Section        0  tsi.o(.text.__NVIC_SetPriority)
    __arm_cp.1_0                             0x000009e8   Number         4  tsi.o(.text.__NVIC_SetPriority)
    __NVIC_SetPriority                       0x000009ed   Thumb Code    20  klaw.o(.text.__NVIC_SetPriority)
    [Anonymous Symbol]                       0x000009ec   Section        0  klaw.o(.text.__NVIC_SetPriority)
    __arm_cp.14_0                            0x00000a00   Number         4  klaw.o(.text.__NVIC_SetPriority)
    __NVIC_SetPriority                       0x00000a05   Thumb Code    20  menu.o(.text.__NVIC_SetPriority)
    [Anonymous Symbol]                       0x00000a04   Section        0  menu.o(.text.__NVIC_SetPriority)
    __arm_cp.14_0                            0x00000a18   Number         4  menu.o(.text.__NVIC_SetPriority)
    [Anonymous Symbol]                       0x00000a1c   Section        0  tsi.o(.text.change_electrode)
    __arm_cp.6_0                             0x00000a68   Number         4  tsi.o(.text.change_electrode)
    __arm_cp.6_1                             0x00000a6c   Number         4  tsi.o(.text.change_electrode)
    __arm_cp.6_2                             0x00000a70   Number         4  tsi.o(.text.change_electrode)
    __arm_cp.6_3                             0x00000a74   Number         4  tsi.o(.text.change_electrode)
    __arm_cp.6_4                             0x00000a78   Number         4  tsi.o(.text.change_electrode)
    __arm_cp.6_5                             0x00000a7c   Number         4  tsi.o(.text.change_electrode)
    [Anonymous Symbol]                       0x00000a80   Section        0  area.o(.text.check_collision)
    __arm_cp.26_0                            0x00000b48   Number         4  area.o(.text.check_collision)
    __arm_cp.26_1                            0x00000b4c   Number         4  area.o(.text.check_collision)
    [Anonymous Symbol]                       0x00000b50   Section        0  menu.o(.text.choose_level)
    __arm_cp.12_5                            0x00000c58   Number         4  menu.o(.text.choose_level)
    __arm_cp.12_6                            0x00000c5c   Number         4  menu.o(.text.choose_level)
    __arm_cp.12_7                            0x00000c60   Number         4  menu.o(.text.choose_level)
    __arm_cp.12_8                            0x00000c64   Number         4  menu.o(.text.choose_level)
    [Anonymous Symbol]                       0x00000c68   Section        0  area.o(.text.clear_lines)
    [Anonymous Symbol]                       0x00000d10   Section        0  oled.o(.text.clear_oled_buffer)
    __arm_cp.2_0                             0x00000d28   Number         4  oled.o(.text.clear_oled_buffer)
    [Anonymous Symbol]                       0x00000d2c   Section        0  menu.o(.text.display_high_scores)
    [Anonymous Symbol]                       0x00000d8c   Section        0  area.o(.text.display_score)
    __arm_cp.29_0                            0x00000dec   Number         4  area.o(.text.display_score)
    __arm_cp.29_1                            0x00000df0   Number         4  area.o(.text.display_score)
    [Anonymous Symbol]                       0x00000df8   Section        0  area.o(.text.draw_game_area)
    __arm_cp.28_1                            0x00000f94   Number         4  area.o(.text.draw_game_area)
    __arm_cp.28_2                            0x00000f98   Number         4  area.o(.text.draw_game_area)
    [Anonymous Symbol]                       0x00000f9c   Section        0  area.o(.text.game_loop)
    __arm_cp.38_1                            0x00001060   Number         4  area.o(.text.game_loop)
    __arm_cp.38_2                            0x00001064   Number         4  area.o(.text.game_loop)
    __arm_cp.38_3                            0x00001068   Number         4  area.o(.text.game_loop)
    __arm_cp.38_4                            0x0000106c   Number         4  area.o(.text.game_loop)
    [Anonymous Symbol]                       0x00001070   Section        0  menu.o(.text.game_over_screen)
    [Anonymous Symbol]                       0x000010fc   Section        0  font.o(.text.get_Font8)
    __arm_cp.1_0                             0x00001100   Number         4  font.o(.text.get_Font8)
    [Anonymous Symbol]                       0x00001104   Section        0  klaw.o(.text.get_S2_press)
    __arm_cp.1_0                             0x0000110c   Number         4  klaw.o(.text.get_S2_press)
    [Anonymous Symbol]                       0x00001110   Section        0  klaw.o(.text.get_S3_press)
    __arm_cp.3_0                             0x00001118   Number         4  klaw.o(.text.get_S3_press)
    [Anonymous Symbol]                       0x0000111c   Section        0  klaw.o(.text.get_S4_press)
    __arm_cp.5_0                             0x00001124   Number         4  klaw.o(.text.get_S4_press)
    [Anonymous Symbol]                       0x00001128   Section        0  blocks.o(.text.get_TETRIS_BLOCK_I)
    __arm_cp.0_0                             0x0000112c   Number         4  blocks.o(.text.get_TETRIS_BLOCK_I)
    [Anonymous Symbol]                       0x00001130   Section        0  blocks.o(.text.get_TETRIS_BLOCK_J)
    __arm_cp.4_0                             0x00001134   Number         4  blocks.o(.text.get_TETRIS_BLOCK_J)
    [Anonymous Symbol]                       0x00001138   Section        0  blocks.o(.text.get_TETRIS_BLOCK_L)
    __arm_cp.3_0                             0x0000113c   Number         4  blocks.o(.text.get_TETRIS_BLOCK_L)
    [Anonymous Symbol]                       0x00001140   Section        0  blocks.o(.text.get_TETRIS_BLOCK_O)
    __arm_cp.1_0                             0x00001144   Number         4  blocks.o(.text.get_TETRIS_BLOCK_O)
    [Anonymous Symbol]                       0x00001148   Section        0  blocks.o(.text.get_TETRIS_BLOCK_S)
    __arm_cp.5_0                             0x0000114c   Number         4  blocks.o(.text.get_TETRIS_BLOCK_S)
    [Anonymous Symbol]                       0x00001150   Section        0  blocks.o(.text.get_TETRIS_BLOCK_T)
    __arm_cp.2_0                             0x00001154   Number         4  blocks.o(.text.get_TETRIS_BLOCK_T)
    [Anonymous Symbol]                       0x00001158   Section        0  blocks.o(.text.get_TETRIS_BLOCK_Z)
    __arm_cp.6_0                             0x0000115c   Number         4  blocks.o(.text.get_TETRIS_BLOCK_Z)
    [Anonymous Symbol]                       0x00001160   Section        0  klaw.o(.text.get_c_time)
    __arm_cp.7_0                             0x00001168   Number         4  klaw.o(.text.get_c_time)
    [Anonymous Symbol]                       0x0000116c   Section        0  area.o(.text.get_game_area)
    __arm_cp.1_0                             0x00001184   Number         4  area.o(.text.get_game_area)
    [Anonymous Symbol]                       0x00001188   Section        0  area.o(.text.get_game_over)
    __arm_cp.13_0                            0x00001190   Number         4  area.o(.text.get_game_over)
    [Anonymous Symbol]                       0x00001194   Section        0  menu.o(.text.get_gravitation)
    __arm_cp.5_0                             0x0000119c   Number         4  menu.o(.text.get_gravitation)
    [Anonymous Symbol]                       0x000011a0   Section        0  menu.o(.text.get_high_score)
    __arm_cp.1_0                             0x000011a8   Number         4  menu.o(.text.get_high_score)
    [Anonymous Symbol]                       0x000011ac   Section        0  area.o(.text.get_initialized)
    __arm_cp.7_0                             0x000011b4   Number         4  area.o(.text.get_initialized)
    [Anonymous Symbol]                       0x000011b8   Section        0  area.o(.text.get_last_displayed_score)
    __arm_cp.23_0                            0x000011c0   Number         4  area.o(.text.get_last_displayed_score)
    [Anonymous Symbol]                       0x000011c4   Section        0  area.o(.text.get_last_slider_position)
    __arm_cp.19_0                            0x000011cc   Number         4  area.o(.text.get_last_slider_position)
    [Anonymous Symbol]                       0x000011d0   Section        0  menu.o(.text.get_level)
    __arm_cp.3_0                             0x000011d8   Number         4  menu.o(.text.get_level)
    [Anonymous Symbol]                       0x000011dc   Section        0  menu.o(.text.get_min_gravitation)
    __arm_cp.7_0                             0x000011e4   Number         4  menu.o(.text.get_min_gravitation)
    [Anonymous Symbol]                       0x000011e8   Section        0  area.o(.text.get_next_random_index)
    __arm_cp.11_0                            0x000011f0   Number         4  area.o(.text.get_next_random_index)
    [Anonymous Symbol]                       0x000011f4   Section        0  oled.o(.text.get_oled_buffer)
    [Anonymous Symbol]                       0x00001204   Section        0  area.o(.text.get_random_index)
    __arm_cp.9_0                             0x0000120c   Number         4  area.o(.text.get_random_index)
    [Anonymous Symbol]                       0x00001210   Section        0  area.o(.text.get_score)
    __arm_cp.21_0                            0x00001218   Number         4  area.o(.text.get_score)
    [Anonymous Symbol]                       0x0000121c   Section        0  klaw.o(.text.get_sec_OK)
    __arm_cp.11_0                            0x00001224   Number         4  klaw.o(.text.get_sec_OK)
    [Anonymous Symbol]                       0x00001228   Section        0  area.o(.text.get_slider)
    __arm_cp.15_0                            0x00001230   Number         4  area.o(.text.get_slider)
    [Anonymous Symbol]                       0x00001234   Section        0  area.o(.text.get_slider_value)
    __arm_cp.17_0                            0x0000123c   Number         4  area.o(.text.get_slider_value)
    [Anonymous Symbol]                       0x00001240   Section        0  gpio.o(.text.gpio_clear)
    __arm_cp.0_0                             0x00001250   Number         4  gpio.o(.text.gpio_clear)
    [Anonymous Symbol]                       0x00001254   Section        0  gpio.o(.text.gpio_init_pin)
    __arm_cp.2_0                             0x00001278   Number         4  gpio.o(.text.gpio_init_pin)
    __arm_cp.2_1                             0x0000127c   Number         4  gpio.o(.text.gpio_init_pin)
    __arm_cp.2_2                             0x00001280   Number         4  gpio.o(.text.gpio_init_pin)
    [Anonymous Symbol]                       0x00001284   Section        0  gpio.o(.text.gpio_set)
    __arm_cp.1_0                             0x00001294   Number         4  gpio.o(.text.gpio_set)
    [Anonymous Symbol]                       0x00001298   Section        0  area.o(.text.handle_button_input_2)
    [Anonymous Symbol]                       0x000012b8   Section        0  area.o(.text.handle_button_input_3)
    [Anonymous Symbol]                       0x000012de   Section        0  area.o(.text.handle_button_input_4)
    [Anonymous Symbol]                       0x000012f8   Section        0  area.o(.text.handle_touch_input)
    [Anonymous Symbol]                       0x00001350   Section        0  area.o(.text.initialize_blocks)
    __arm_cp.24_0                            0x00001398   Number         4  area.o(.text.initialize_blocks)
    [Anonymous Symbol]                       0x0000139c   Section        0  menu.o(.text.introduction)
    __arm_cp.8_0                             0x00001448   Number         4  menu.o(.text.introduction)
    __arm_cp.8_1                             0x0000144c   Number         4  menu.o(.text.introduction)
    [Anonymous Symbol]                       0x00001474   Section        0  area.o(.text.lock_block)
    [Anonymous Symbol]                       0x000014b8   Section        0  main.o(.text.main)
    [Anonymous Symbol]                       0x000014c4   Section        0  area.o(.text.move_block)
    __arm_cp.27_0                            0x000014e8   Number         4  area.o(.text.move_block)
    [Anonymous Symbol]                       0x000014ec   Section        0  oled.o(.text.oled_clear_display)
    [Anonymous Symbol]                       0x000014f6   Section        0  oled.o(.text.oled_draw_char)
    [Anonymous Symbol]                       0x0000157c   Section        0  oled.o(.text.oled_draw_pixel)
    __arm_cp.9_0                             0x000015b0   Number         4  oled.o(.text.oled_draw_pixel)
    [Anonymous Symbol]                       0x000015b4   Section        0  oled.o(.text.oled_draw_string)
    [Anonymous Symbol]                       0x00001604   Section        0  oled.o(.text.oled_fill_display)
    __arm_cp.5_0                             0x00001618   Number         4  oled.o(.text.oled_fill_display)
    [Anonymous Symbol]                       0x0000161c   Section        0  oled.o(.text.oled_init)
    __arm_cp.12_0                            0x000016fc   Number         4  oled.o(.text.oled_init)
    [Anonymous Symbol]                       0x00001700   Section        0  oled.o(.text.oled_send_command)
    [Anonymous Symbol]                       0x00001720   Section        0  oled.o(.text.oled_send_data)
    [Anonymous Symbol]                       0x00001740   Section        0  oled.o(.text.oled_update_screen)
    [Anonymous Symbol]                       0x00001790   Section        0  area.o(.text.reset_game)
    __arm_cp.37_1                            0x000017f8   Number         4  area.o(.text.reset_game)
    [Anonymous Symbol]                       0x000017fc   Section        0  area.o(.text.rotate_block)
    [Anonymous Symbol]                       0x00001910   Section        0  tsi.o(.text.self_calibration)
    __arm_cp.4_0                             0x000019a8   Number         4  tsi.o(.text.self_calibration)
    __arm_cp.4_1                             0x000019ac   Number         4  tsi.o(.text.self_calibration)
    __arm_cp.4_2                             0x000019b0   Number         4  tsi.o(.text.self_calibration)
    [Anonymous Symbol]                       0x000019b4   Section        0  klaw.o(.text.set_S2_press)
    __arm_cp.0_0                             0x000019bc   Number         4  klaw.o(.text.set_S2_press)
    [Anonymous Symbol]                       0x000019c0   Section        0  klaw.o(.text.set_S3_press)
    __arm_cp.2_0                             0x000019c8   Number         4  klaw.o(.text.set_S3_press)
    [Anonymous Symbol]                       0x000019cc   Section        0  klaw.o(.text.set_S4_press)
    __arm_cp.4_0                             0x000019d4   Number         4  klaw.o(.text.set_S4_press)
    [Anonymous Symbol]                       0x000019d8   Section        0  klaw.o(.text.set_c_time)
    __arm_cp.6_0                             0x000019e0   Number         4  klaw.o(.text.set_c_time)
    [Anonymous Symbol]                       0x000019e4   Section        0  area.o(.text.set_current_block)
    [Anonymous Symbol]                       0x00001a04   Section        0  area.o(.text.set_game_area)
    __arm_cp.0_0                             0x00001a18   Number         4  area.o(.text.set_game_area)
    [Anonymous Symbol]                       0x00001a1c   Section        0  area.o(.text.set_game_over)
    __arm_cp.12_0                            0x00001a24   Number         4  area.o(.text.set_game_over)
    [Anonymous Symbol]                       0x00001a28   Section        0  menu.o(.text.set_gravitation)
    __arm_cp.4_0                             0x00001a30   Number         4  menu.o(.text.set_gravitation)
    [Anonymous Symbol]                       0x00001a34   Section        0  menu.o(.text.set_high_score)
    [Anonymous Symbol]                       0x00001a3c   Section        0  area.o(.text.set_initialized)
    __arm_cp.6_0                             0x00001a44   Number         4  area.o(.text.set_initialized)
    [Anonymous Symbol]                       0x00001a48   Section        0  area.o(.text.set_last_displayed_score)
    __arm_cp.22_0                            0x00001a50   Number         4  area.o(.text.set_last_displayed_score)
    [Anonymous Symbol]                       0x00001a54   Section        0  area.o(.text.set_last_slider_position)
    __arm_cp.18_0                            0x00001a5c   Number         4  area.o(.text.set_last_slider_position)
    [Anonymous Symbol]                       0x00001a60   Section        0  menu.o(.text.set_level)
    __arm_cp.2_0                             0x00001a68   Number         4  menu.o(.text.set_level)
    [Anonymous Symbol]                       0x00001a6c   Section        0  menu.o(.text.set_min_gravitation)
    __arm_cp.6_0                             0x00001a74   Number         4  menu.o(.text.set_min_gravitation)
    [Anonymous Symbol]                       0x00001a78   Section        0  area.o(.text.set_next_random_index)
    __arm_cp.10_0                            0x00001a80   Number         4  area.o(.text.set_next_random_index)
    [Anonymous Symbol]                       0x00001a84   Section        0  oled.o(.text.set_oled_buffer)
    __arm_cp.0_0                             0x00001a90   Number         4  oled.o(.text.set_oled_buffer)
    [Anonymous Symbol]                       0x00001a94   Section        0  area.o(.text.set_random_index)
    __arm_cp.8_0                             0x00001a9c   Number         4  area.o(.text.set_random_index)
    [Anonymous Symbol]                       0x00001aa0   Section        0  area.o(.text.set_score)
    __arm_cp.20_0                            0x00001aa8   Number         4  area.o(.text.set_score)
    [Anonymous Symbol]                       0x00001aac   Section        0  klaw.o(.text.set_sec_OK)
    __arm_cp.10_0                            0x00001ab4   Number         4  klaw.o(.text.set_sec_OK)
    [Anonymous Symbol]                       0x00001ab8   Section        0  area.o(.text.set_slider)
    __arm_cp.14_0                            0x00001ac0   Number         4  area.o(.text.set_slider)
    [Anonymous Symbol]                       0x00001ac4   Section        0  area.o(.text.set_slider_value)
    __arm_cp.16_0                            0x00001acc   Number         4  area.o(.text.set_slider_value)
    [Anonymous Symbol]                       0x00001ad0   Section        0  area.o(.text.spawn_block_random)
    __arm_cp.25_0                            0x00001bd4   Number         4  area.o(.text.spawn_block_random)
    __arm_cp.25_1                            0x00001bd8   Number         4  area.o(.text.spawn_block_random)
    __arm_cp.25_2                            0x00001bdc   Number         4  area.o(.text.spawn_block_random)
    __arm_cp.25_3                            0x00001be0   Number         4  area.o(.text.spawn_block_random)
    __arm_cp.25_4                            0x00001be4   Number         4  area.o(.text.spawn_block_random)
    [Anonymous Symbol]                       0x00001be8   Section        0  spi.o(.text.spi_init)
    __arm_cp.0_0                             0x00001cc0   Number         4  spi.o(.text.spi_init)
    __arm_cp.0_1                             0x00001cc4   Number         4  spi.o(.text.spi_init)
    __arm_cp.0_2                             0x00001cc8   Number         4  spi.o(.text.spi_init)
    __arm_cp.0_3                             0x00001ccc   Number         4  spi.o(.text.spi_init)
    __arm_cp.0_4                             0x00001cd0   Number         4  spi.o(.text.spi_init)
    [Anonymous Symbol]                       0x00001cd4   Section        0  spi.o(.text.spi_master_write)
    __arm_cp.1_0                             0x00001cf0   Number         4  spi.o(.text.spi_master_write)
    spi_readable                             0x00001cf5   Thumb Code     8  spi.o(.text.spi_readable)
    [Anonymous Symbol]                       0x00001cf4   Section        0  spi.o(.text.spi_readable)
    spi_writeable                            0x00001cfd   Thumb Code    12  spi.o(.text.spi_writeable)
    [Anonymous Symbol]                       0x00001cfc   Section        0  spi.o(.text.spi_writeable)
    __arm_cp.5_0                             0x00001d08   Number         4  spi.o(.text.spi_writeable)
    [Anonymous Symbol]                       0x00001d0c   Section        0  game.o(.text.start_game)
    [Anonymous Symbol]                       0x00001d14   Section        0  menu.o(.text.update_high_scores)
    __arm_cp.10_0                            0x00001d58   Number         4  menu.o(.text.update_high_scores)
    .text_divfast                            0x00001d5c   Section      502  aeabi_sdivfast.o(.text_divfast)
    Font8                                    0x00001f54   Data           8  font.o(.rodata.Font8)
    [Anonymous Symbol]                       0x00001f54   Section        0  font.o(.rodata.Font8)
    Font8_Table                              0x00001f5c   Data         768  font.o(.rodata.Font8_Table)
    [Anonymous Symbol]                       0x00001f5c   Section        0  font.o(.rodata.Font8_Table)
    TETRIS_BLOCK_I                           0x0000225c   Data           8  blocks.o(.rodata.TETRIS_BLOCK_I)
    [Anonymous Symbol]                       0x0000225c   Section        0  blocks.o(.rodata.TETRIS_BLOCK_I)
    TETRIS_BLOCK_J                           0x00002264   Data          16  blocks.o(.rodata.TETRIS_BLOCK_J)
    [Anonymous Symbol]                       0x00002264   Section        0  blocks.o(.rodata.TETRIS_BLOCK_J)
    TETRIS_BLOCK_L                           0x00002274   Data          16  blocks.o(.rodata.TETRIS_BLOCK_L)
    [Anonymous Symbol]                       0x00002274   Section        0  blocks.o(.rodata.TETRIS_BLOCK_L)
    TETRIS_BLOCK_O                           0x00002284   Data          16  blocks.o(.rodata.TETRIS_BLOCK_O)
    [Anonymous Symbol]                       0x00002284   Section        0  blocks.o(.rodata.TETRIS_BLOCK_O)
    TETRIS_BLOCK_S                           0x00002294   Data          16  blocks.o(.rodata.TETRIS_BLOCK_S)
    [Anonymous Symbol]                       0x00002294   Section        0  blocks.o(.rodata.TETRIS_BLOCK_S)
    TETRIS_BLOCK_T                           0x000022a4   Data          16  blocks.o(.rodata.TETRIS_BLOCK_T)
    [Anonymous Symbol]                       0x000022a4   Section        0  blocks.o(.rodata.TETRIS_BLOCK_T)
    TETRIS_BLOCK_Z                           0x000022b4   Data          16  blocks.o(.rodata.TETRIS_BLOCK_Z)
    [Anonymous Symbol]                       0x000022b4   Section        0  blocks.o(.rodata.TETRIS_BLOCK_Z)
    elec_array                               0x000022c4   Data           2  tsi.o(.rodata.elec_array)
    [Anonymous Symbol]                       0x000022c4   Section        0  tsi.o(.rodata.elec_array)
    [Anonymous Symbol]                       0x000022c6   Section        0  area.o(.rodata.str1.1)
    .bss                                     0x1ffffc08   Section      228  rand.o(.bss)
    .bss                                     0x1ffffcec   Section       96  libspace.o(.bss)
    S2_press                                 0x1ffffd4c   Data           1  klaw.o(.bss.S2_press)
    [Anonymous Symbol]                       0x1ffffd4c   Section        0  klaw.o(.bss.S2_press)
    S3_press                                 0x1ffffd4d   Data           1  klaw.o(.bss.S3_press)
    [Anonymous Symbol]                       0x1ffffd4d   Section        0  klaw.o(.bss.S3_press)
    S4_press                                 0x1ffffd4e   Data           1  klaw.o(.bss.S4_press)
    [Anonymous Symbol]                       0x1ffffd4e   Section        0  klaw.o(.bss.S4_press)
    blocks                                   0x1ffffd50   Data          56  area.o(.bss.blocks)
    [Anonymous Symbol]                       0x1ffffd50   Section        0  area.o(.bss.blocks)
    c_time                                   0x1ffffd88   Data           4  klaw.o(.bss.c_time)
    [Anonymous Symbol]                       0x1ffffd88   Section        0  klaw.o(.bss.c_time)
    current_block                            0x1ffffd8c   Data          40  area.o(.bss.current_block)
    [Anonymous Symbol]                       0x1ffffd8c   Section        0  area.o(.bss.current_block)
    end_flag                                 0x1ffffdb4   Data           1  tsi.o(.bss.end_flag)
    [Anonymous Symbol]                       0x1ffffdb4   Section        0  tsi.o(.bss.end_flag)
    first_block                              0x1ffffdb8   Data           1  area.o(.bss.first_block)
    [Anonymous Symbol]                       0x1ffffdb8   Section        0  area.o(.bss.first_block)
    game_area                                0x1ffffdbc   Data         216  area.o(.bss.game_area)
    [Anonymous Symbol]                       0x1ffffdbc   Section        0  area.o(.bss.game_area)
    game_over                                0x1ffffe94   Data           4  area.o(.bss.game_over)
    [Anonymous Symbol]                       0x1ffffe94   Section        0  area.o(.bss.game_over)
    gravitation                              0x1ffffe98   Data           4  menu.o(.bss.gravitation)
    [Anonymous Symbol]                       0x1ffffe98   Section        0  menu.o(.bss.gravitation)
    gu16Baseline                             0x1ffffe9c   Data           4  tsi.o(.bss.gu16Baseline)
    [Anonymous Symbol]                       0x1ffffe9c   Section        0  tsi.o(.bss.gu16Baseline)
    gu16Delta                                0x1ffffea0   Data           4  tsi.o(.bss.gu16Delta)
    [Anonymous Symbol]                       0x1ffffea0   Section        0  tsi.o(.bss.gu16Delta)
    high_scores                              0x1ffffea4   Data          20  menu.o(.bss.high_scores)
    [Anonymous Symbol]                       0x1ffffea4   Section        0  menu.o(.bss.high_scores)
    initialized                              0x1ffffeb8   Data           1  area.o(.bss.initialized)
    [Anonymous Symbol]                       0x1ffffeb8   Section        0  area.o(.bss.initialized)
    last_displayed_score                     0x1ffffebc   Data           4  area.o(.bss.last_displayed_score)
    [Anonymous Symbol]                       0x1ffffebc   Section        0  area.o(.bss.last_displayed_score)
    last_slider_position                     0x1ffffec0   Data           1  area.o(.bss.last_slider_position)
    [Anonymous Symbol]                       0x1ffffec0   Section        0  area.o(.bss.last_slider_position)
    level                                    0x1ffffec1   Data           1  menu.o(.bss.level)
    [Anonymous Symbol]                       0x1ffffec1   Section        0  menu.o(.bss.level)
    min_gravitation                          0x1ffffec4   Data           4  menu.o(.bss.min_gravitation)
    [Anonymous Symbol]                       0x1ffffec4   Section        0  menu.o(.bss.min_gravitation)
    next_block                               0x1ffffec8   Data          40  area.o(.bss.next_block)
    [Anonymous Symbol]                       0x1ffffec8   Section        0  area.o(.bss.next_block)
    next_random_index                        0x1ffffef0   Data           1  area.o(.bss.next_random_index)
    [Anonymous Symbol]                       0x1ffffef0   Section        0  area.o(.bss.next_random_index)
    oled_buffer                              0x1ffffef4   Data        1056  oled.o(.bss.oled_buffer)
    [Anonymous Symbol]                       0x1ffffef4   Section        0  oled.o(.bss.oled_buffer)
    ongoing_elec                             0x20000314   Data           1  tsi.o(.bss.ongoing_elec)
    [Anonymous Symbol]                       0x20000314   Section        0  tsi.o(.bss.ongoing_elec)
    random_index                             0x20000315   Data           1  area.o(.bss.random_index)
    [Anonymous Symbol]                       0x20000315   Section        0  area.o(.bss.random_index)
    score                                    0x20000318   Data           4  area.o(.bss.score)
    [Anonymous Symbol]                       0x20000318   Section        0  area.o(.bss.score)
    score_text                               0x2000031c   Data          20  area.o(.bss.score_text)
    [Anonymous Symbol]                       0x2000031c   Section        0  area.o(.bss.score_text)
    sec                                      0x20000330   Data           1  klaw.o(.bss.sec)
    [Anonymous Symbol]                       0x20000330   Section        0  klaw.o(.bss.sec)
    sec_OK                                   0x20000331   Data           1  klaw.o(.bss.sec_OK)
    [Anonymous Symbol]                       0x20000331   Section        0  klaw.o(.bss.sec_OK)
    slider_position                          0x20000332   Data           1  area.o(.bss.slider_position)
    [Anonymous Symbol]                       0x20000332   Section        0  area.o(.bss.slider_position)
    slider_value                             0x20000333   Data           1  area.o(.bss.slider_value)
    [Anonymous Symbol]                       0x20000333   Section        0  area.o(.bss.slider_value)
    Heap_Mem                                 0x20000338   Data           0  startup_mkl05z4.o(HEAP)
    Stack_Mem                                0x20000338   Data         256  startup_mkl05z4.o(STACK)
    HEAP                                     0x20000338   Section        0  startup_mkl05z4.o(HEAP)
    STACK                                    0x20000338   Section      256  startup_mkl05z4.o(STACK)
    __initial_sp                             0x20000438   Data           0  startup_mkl05z4.o(STACK)

    Global Symbols

    Symbol Name                              Value     Ov Type        Size  Object(Section)

    BuildAttributes$$THM_ISAv3M$S$PE$A:L22$X:L11$S22$IEEE1$IW$~IW$USESV6$~STKCKD$USESV7$~SHL$OTIME$ROPI$EBA8$UX$STANDARDLIB$REQ8$PRES8$EABIv2 0x00000000   Number         0  anon$$obj.o ABSOLUTE
    __Vectors                                0x00000000   Data           4  startup_mkl05z4.o(RESET)
    __ARM_exceptions_init                     - Undefined Weak Reference
    __alloca_initialize                       - Undefined Weak Reference
    __arm_preinit_                            - Undefined Weak Reference
    __cpp_initialize__aeabi_                  - Undefined Weak Reference
    __cxa_finalize                            - Undefined Weak Reference
    __rt_locale                               - Undefined Weak Reference
    __sigvec_lookup                           - Undefined Weak Reference
    _atexit_init                              - Undefined Weak Reference
    _call_atexit_fns                          - Undefined Weak Reference
    _clock_init                               - Undefined Weak Reference
    _fp_trap_init                             - Undefined Weak Reference
    _fp_trap_shutdown                         - Undefined Weak Reference
    _get_lc_collate                           - Undefined Weak Reference
    _get_lc_ctype                             - Undefined Weak Reference
    _get_lc_monetary                          - Undefined Weak Reference
    _get_lc_numeric                           - Undefined Weak Reference
    _get_lc_time                              - Undefined Weak Reference
    _getenv_init                              - Undefined Weak Reference
    _handle_redirection                       - Undefined Weak Reference
    _init_alloc                               - Undefined Weak Reference
    _init_user_alloc                          - Undefined Weak Reference
    _initio                                   - Undefined Weak Reference
    _printf_post_padding                      - Undefined Weak Reference
    _printf_pre_padding                       - Undefined Weak Reference
    _printf_truncate_signed                   - Undefined Weak Reference
    _printf_truncate_unsigned                 - Undefined Weak Reference
    _signal_finish                            - Undefined Weak Reference
    _signal_init                              - Undefined Weak Reference
    _terminate_alloc                          - Undefined Weak Reference
    _terminate_user_alloc                     - Undefined Weak Reference
    _terminateio                              - Undefined Weak Reference
    __Vectors_End                            0x000000c0   Data           0  startup_mkl05z4.o(RESET)
    __Vectors_Size                           0x000000c0   Number         0  startup_mkl05z4.o ABSOLUTE
    __main                                   0x000000c1   Thumb Code     8  __main.o(!!!main)
    __scatterload                            0x000000c9   Thumb Code     0  __scatter.o(!!!scatter)
    __scatterload_rt2                        0x000000c9   Thumb Code    52  __scatter.o(!!!scatter)
    __scatterload_rt2_thumb_only             0x000000c9   Thumb Code     0  __scatter.o(!!!scatter)
    __scatterload_null                       0x000000d9   Thumb Code     0  __scatter.o(!!!scatter)
    __scatterload_copy                       0x00000105   Thumb Code    26  __scatter_copy.o(!!handler_copy)
    __scatterload_zeroinit                   0x00000121   Thumb Code    28  __scatter_zi.o(!!handler_zi)
    _printf_percent                          0x0000013d   Thumb Code     0  _printf_percent.o(.ARM.Collect$$_printf_percent$$00000000)
    _printf_d                                0x0000013f   Thumb Code     0  _printf_d.o(.ARM.Collect$$_printf_percent$$00000009)
    _printf_u                                0x00000149   Thumb Code     0  _printf_u.o(.ARM.Collect$$_printf_percent$$0000000A)
    _printf_percent_end                      0x00000153   Thumb Code     0  _printf_percent_end.o(.ARM.Collect$$_printf_percent$$00000017)
    __rt_lib_init                            0x00000157   Thumb Code     0  libinit.o(.ARM.Collect$$libinit$$00000000)
    __rt_lib_init_fp_1                       0x00000159   Thumb Code     0  libinit2.o(.ARM.Collect$$libinit$$00000002)
    __rt_lib_init_heap_1                     0x00000159   Thumb Code     0  libinit2.o(.ARM.Collect$$libinit$$0000000A)
    __rt_lib_init_preinit_1                  0x00000159   Thumb Code     0  libinit2.o(.ARM.Collect$$libinit$$00000004)
    __rt_lib_init_rand_2                     0x00000159   Thumb Code     0  libinit2.o(.ARM.Collect$$libinit$$0000000D)
    __rt_lib_init_user_alloc_1               0x00000159   Thumb Code     0  libinit2.o(.ARM.Collect$$libinit$$0000000C)
    __rt_lib_init_alloca_1                   0x0000015d   Thumb Code     0  libinit2.o(.ARM.Collect$$libinit$$0000002E)
    __rt_lib_init_argv_1                     0x0000015d   Thumb Code     0  libinit2.o(.ARM.Collect$$libinit$$0000002C)
    __rt_lib_init_atexit_1                   0x0000015d   Thumb Code     0  libinit2.o(.ARM.Collect$$libinit$$0000001B)
    __rt_lib_init_clock_1                    0x0000015d   Thumb Code     0  libinit2.o(.ARM.Collect$$libinit$$00000021)
    __rt_lib_init_cpp_1                      0x0000015d   Thumb Code     0  libinit2.o(.ARM.Collect$$libinit$$00000032)
    __rt_lib_init_exceptions_1               0x0000015d   Thumb Code     0  libinit2.o(.ARM.Collect$$libinit$$00000030)
    __rt_lib_init_fp_trap_1                  0x0000015d   Thumb Code     0  libinit2.o(.ARM.Collect$$libinit$$0000001F)
    __rt_lib_init_getenv_1                   0x0000015d   Thumb Code     0  libinit2.o(.ARM.Collect$$libinit$$00000023)
    __rt_lib_init_lc_collate_1               0x0000015d   Thumb Code     0  libinit2.o(.ARM.Collect$$libinit$$00000011)
    __rt_lib_init_lc_ctype_1                 0x0000015d   Thumb Code     0  libinit2.o(.ARM.Collect$$libinit$$00000013)
    __rt_lib_init_lc_monetary_1              0x0000015d   Thumb Code     0  libinit2.o(.ARM.Collect$$libinit$$00000015)
    __rt_lib_init_lc_numeric_1               0x0000015d   Thumb Code     0  libinit2.o(.ARM.Collect$$libinit$$00000017)
    __rt_lib_init_lc_time_1                  0x0000015d   Thumb Code     0  libinit2.o(.ARM.Collect$$libinit$$00000019)
    __rt_lib_init_rand_1                     0x0000015d   Thumb Code     0  libinit2.o(.ARM.Collect$$libinit$$0000000E)
    __rt_lib_init_return                     0x0000015d   Thumb Code     0  libinit2.o(.ARM.Collect$$libinit$$00000033)
    __rt_lib_init_signal_1                   0x0000015d   Thumb Code     0  libinit2.o(.ARM.Collect$$libinit$$0000001D)
    __rt_lib_init_stdio_1                    0x0000015d   Thumb Code     0  libinit2.o(.ARM.Collect$$libinit$$00000025)
    __rt_lib_shutdown                        0x0000015f   Thumb Code     0  libshutdown.o(.ARM.Collect$$libshutdown$$00000000)
    __rt_lib_shutdown_cpp_1                  0x00000161   Thumb Code     0  libshutdown2.o(.ARM.Collect$$libshutdown$$00000002)
    __rt_lib_shutdown_fp_trap_1              0x00000161   Thumb Code     0  libshutdown2.o(.ARM.Collect$$libshutdown$$00000007)
    __rt_lib_shutdown_heap_1                 0x00000161   Thumb Code     0  libshutdown2.o(.ARM.Collect$$libshutdown$$0000000F)
    __rt_lib_shutdown_return                 0x00000161   Thumb Code     0  libshutdown2.o(.ARM.Collect$$libshutdown$$00000010)
    __rt_lib_shutdown_signal_1               0x00000161   Thumb Code     0  libshutdown2.o(.ARM.Collect$$libshutdown$$0000000A)
    __rt_lib_shutdown_stdio_1                0x00000161   Thumb Code     0  libshutdown2.o(.ARM.Collect$$libshutdown$$00000004)
    __rt_lib_shutdown_user_alloc_1           0x00000161   Thumb Code     0  libshutdown2.o(.ARM.Collect$$libshutdown$$0000000C)
    __rt_entry                               0x00000163   Thumb Code     0  __rtentry.o(.ARM.Collect$$rtentry$$00000000)
    __rt_entry_presh_1                       0x00000163   Thumb Code     0  __rtentry2.o(.ARM.Collect$$rtentry$$00000002)
    __rt_entry_sh                            0x00000163   Thumb Code     0  __rtentry4.o(.ARM.Collect$$rtentry$$00000004)
    __rt_entry_li                            0x00000169   Thumb Code     0  __rtentry2.o(.ARM.Collect$$rtentry$$0000000A)
    __rt_entry_postsh_1                      0x00000169   Thumb Code     0  __rtentry2.o(.ARM.Collect$$rtentry$$00000009)
    __rt_entry_main                          0x0000016d   Thumb Code     0  __rtentry2.o(.ARM.Collect$$rtentry$$0000000D)
    __rt_entry_postli_1                      0x0000016d   Thumb Code     0  __rtentry2.o(.ARM.Collect$$rtentry$$0000000C)
    __rt_exit                                0x00000175   Thumb Code     0  rtexit.o(.ARM.Collect$$rtexit$$00000000)
    __rt_exit_ls                             0x00000177   Thumb Code     0  rtexit2.o(.ARM.Collect$$rtexit$$00000003)
    __rt_exit_prels_1                        0x00000177   Thumb Code     0  rtexit2.o(.ARM.Collect$$rtexit$$00000002)
    __rt_exit_exit                           0x0000017b   Thumb Code     0  rtexit2.o(.ARM.Collect$$rtexit$$00000004)
    rand                                     0x00000181   Thumb Code    52  rand.o(.emb_text)
    Reset_Handler                            0x000001b9   Thumb Code     8  startup_mkl05z4.o(.text)
    NMI_Handler                              0x000001c1   Thumb Code     2  startup_mkl05z4.o(.text)
    HardFault_Handler                        0x000001c3   Thumb Code     2  startup_mkl05z4.o(.text)
    SVC_Handler                              0x000001c5   Thumb Code     2  startup_mkl05z4.o(.text)
    PendSV_Handler                           0x000001c7   Thumb Code     2  startup_mkl05z4.o(.text)
    ADC0_IRQHandler                          0x000001cb   Thumb Code     0  startup_mkl05z4.o(.text)
    CMP0_IRQHandler                          0x000001cb   Thumb Code     0  startup_mkl05z4.o(.text)
    DAC0_IRQHandler                          0x000001cb   Thumb Code     0  startup_mkl05z4.o(.text)
    DMA0_IRQHandler                          0x000001cb   Thumb Code     0  startup_mkl05z4.o(.text)
    DMA1_IRQHandler                          0x000001cb   Thumb Code     0  startup_mkl05z4.o(.text)
    DMA2_IRQHandler                          0x000001cb   Thumb Code     0  startup_mkl05z4.o(.text)
    DMA3_IRQHandler                          0x000001cb   Thumb Code     0  startup_mkl05z4.o(.text)
    DefaultISR                               0x000001cb   Thumb Code     0  startup_mkl05z4.o(.text)
    FTFA_IRQHandler                          0x000001cb   Thumb Code     0  startup_mkl05z4.o(.text)
    I2C0_IRQHandler                          0x000001cb   Thumb Code     0  startup_mkl05z4.o(.text)
    LLW_IRQHandler                           0x000001cb   Thumb Code     0  startup_mkl05z4.o(.text)
    LPTimer_IRQHandler                       0x000001cb   Thumb Code     0  startup_mkl05z4.o(.text)
    LVD_LVW_IRQHandler                       0x000001cb   Thumb Code     0  startup_mkl05z4.o(.text)
    MCG_IRQHandler                           0x000001cb   Thumb Code     0  startup_mkl05z4.o(.text)
    PIT_IRQHandler                           0x000001cb   Thumb Code     0  startup_mkl05z4.o(.text)
    PORTB_IRQHandler                         0x000001cb   Thumb Code     0  startup_mkl05z4.o(.text)
    RTC_IRQHandler                           0x000001cb   Thumb Code     0  startup_mkl05z4.o(.text)
    RTC_Seconds_IRQHandler                   0x000001cb   Thumb Code     0  startup_mkl05z4.o(.text)
    Reserved20_IRQHandler                    0x000001cb   Thumb Code     0  startup_mkl05z4.o(.text)
    Reserved25_IRQHandler                    0x000001cb   Thumb Code     0  startup_mkl05z4.o(.text)
    Reserved27_IRQHandler                    0x000001cb   Thumb Code     0  startup_mkl05z4.o(.text)
    Reserved29_IRQHandler                    0x000001cb   Thumb Code     0  startup_mkl05z4.o(.text)
    Reserved30_IRQHandler                    0x000001cb   Thumb Code     0  startup_mkl05z4.o(.text)
    Reserved35_IRQHandler                    0x000001cb   Thumb Code     0  startup_mkl05z4.o(.text)
    Reserved39_IRQHandler                    0x000001cb   Thumb Code     0  startup_mkl05z4.o(.text)
    Reserved40_IRQHandler                    0x000001cb   Thumb Code     0  startup_mkl05z4.o(.text)
    Reserved45_IRQHandler                    0x000001cb   Thumb Code     0  startup_mkl05z4.o(.text)
    SPI0_IRQHandler                          0x000001cb   Thumb Code     0  startup_mkl05z4.o(.text)
    TPM0_IRQHandler                          0x000001cb   Thumb Code     0  startup_mkl05z4.o(.text)
    TPM1_IRQHandler                          0x000001cb   Thumb Code     0  startup_mkl05z4.o(.text)
    UART0_IRQHandler                         0x000001cb   Thumb Code     0  startup_mkl05z4.o(.text)
    __user_initial_stackheap                 0x000001cd   Thumb Code     0  startup_mkl05z4.o(.text)
    __2snprintf                              0x000001ed   Thumb Code    50  noretval__2snprintf.o(.text)
    __printf                                 0x00000225   Thumb Code   108  __printf.o(.text)
    _printf_int_dec                          0x00000291   Thumb Code    90  _printf_dec.o(.text)
    srand                                    0x000002fd   Thumb Code    44  rand.o(.text)
    _rand_init                               0x00000329   Thumb Code     4  rand.o(.text)
    __aeabi_memset4                          0x00000339   Thumb Code    18  aeabi_memset4.o(.text)
    __aeabi_memset8                          0x00000339   Thumb Code     0  aeabi_memset4.o(.text)
    _memset_w                                0x0000034b   Thumb Code    26  rt_memclr.o(.text)
    _memset                                  0x00000365   Thumb Code    30  rt_memclr.o(.text)
    __aeabi_memclr                           0x00000383   Thumb Code     4  rt_memclr.o(.text)
    __rt_memclr                              0x00000383   Thumb Code     0  rt_memclr.o(.text)
    __aeabi_memclr4                          0x00000387   Thumb Code     0  rt_memclr.o(.text)
    __aeabi_memclr8                          0x00000387   Thumb Code     0  rt_memclr.o(.text)
    __rt_memclr_w                            0x00000387   Thumb Code     4  rt_memclr.o(.text)
    __use_two_region_memory                  0x0000038b   Thumb Code     2  heapauxi.o(.text)
    __rt_heap_escrow$2region                 0x0000038d   Thumb Code     2  heapauxi.o(.text)
    __rt_heap_expand$2region                 0x0000038f   Thumb Code     2  heapauxi.o(.text)
    _printf_char_common                      0x0000039b   Thumb Code    32  _printf_char_common.o(.text)
    _sputc                                   0x000003c1   Thumb Code    10  _sputc.o(.text)
    _snputc                                  0x000003cb   Thumb Code    16  _snputc.o(.text)
    exit                                     0x000003db   Thumb Code    16  exit.o(.text)
    __user_libspace                          0x000003ed   Thumb Code     8  libspace.o(.text)
    __user_perproc_libspace                  0x000003ed   Thumb Code     0  libspace.o(.text)
    __user_perthread_libspace                0x000003ed   Thumb Code     0  libspace.o(.text)
    _sys_exit                                0x000003f5   Thumb Code     8  sys_exit.o(.text)
    __aeabi_uidivmod                         0x00000411   Thumb Code    28  aeabi_sdivfast.o(.text)
    __aeabi_idivmod                          0x0000042d   Thumb Code   472  aeabi_sdivfast.o(.text)
    _printf_int_common                       0x00000609   Thumb Code   176  _printf_intcommon.o(.text)
    __rt_udiv10                              0x000006b9   Thumb Code    40  rtudiv10.o(.text)
    __user_setup_stackheap                   0x000006e1   Thumb Code    62  sys_stackheap_outer.o(.text)
    __I$use$semihosting                      0x0000071f   Thumb Code     0  use_no_semi.o(.text)
    __use_no_semihosting_swi                 0x0000071f   Thumb Code     2  use_no_semi.o(.text)
    Klaw_Init                                0x00000721   Thumb Code    68  klaw.o(.text.Klaw_Init)
    __semihosting_library_function           0x00000721   Thumb Code     0  indicate_semi.o(.text)
    Klaw_S2_4_Int                            0x00000769   Thumb Code    40  klaw.o(.text.Klaw_S2_4_Int)
    PORTA_IRQHandler                         0x00000795   Thumb Code   180  klaw.o(.text.PORTA_IRQHandler)
    SysTick_Handler                          0x00000875   Thumb Code    28  klaw.o(.text.SysTick_Handler)
    SystemInit                               0x00000899   Thumb Code    60  system_mkl05z4.o(.text.SystemInit)
    TSI0_IRQHandler                          0x000008e5   Thumb Code    20  tsi.o(.text.TSI0_IRQHandler)
    TSI_Init                                 0x000008f9   Thumb Code    60  tsi.o(.text.TSI_Init)
    TSI_ReadSlider                           0x00000949   Thumb Code    84  tsi.o(.text.TSI_ReadSlider)
    change_electrode                         0x00000a1d   Thumb Code    76  tsi.o(.text.change_electrode)
    check_collision                          0x00000a81   Thumb Code   200  area.o(.text.check_collision)
    choose_level                             0x00000b51   Thumb Code   220  menu.o(.text.choose_level)
    clear_lines                              0x00000c69   Thumb Code   168  area.o(.text.clear_lines)
    clear_oled_buffer                        0x00000d11   Thumb Code    24  oled.o(.text.clear_oled_buffer)
    display_high_scores                      0x00000d2d   Thumb Code    76  menu.o(.text.display_high_scores)
    display_score                            0x00000d8d   Thumb Code    96  area.o(.text.display_score)
    draw_game_area                           0x00000df9   Thumb Code   412  area.o(.text.draw_game_area)
    game_loop                                0x00000f9d   Thumb Code   196  area.o(.text.game_loop)
    game_over_screen                         0x00001071   Thumb Code   120  menu.o(.text.game_over_screen)
    get_Font8                                0x000010fd   Thumb Code     4  font.o(.text.get_Font8)
    get_S2_press                             0x00001105   Thumb Code     8  klaw.o(.text.get_S2_press)
    get_S3_press                             0x00001111   Thumb Code     8  klaw.o(.text.get_S3_press)
    get_S4_press                             0x0000111d   Thumb Code     8  klaw.o(.text.get_S4_press)
    get_TETRIS_BLOCK_I                       0x00001129   Thumb Code     4  blocks.o(.text.get_TETRIS_BLOCK_I)
    get_TETRIS_BLOCK_J                       0x00001131   Thumb Code     4  blocks.o(.text.get_TETRIS_BLOCK_J)
    get_TETRIS_BLOCK_L                       0x00001139   Thumb Code     4  blocks.o(.text.get_TETRIS_BLOCK_L)
    get_TETRIS_BLOCK_O                       0x00001141   Thumb Code     4  blocks.o(.text.get_TETRIS_BLOCK_O)
    get_TETRIS_BLOCK_S                       0x00001149   Thumb Code     4  blocks.o(.text.get_TETRIS_BLOCK_S)
    get_TETRIS_BLOCK_T                       0x00001151   Thumb Code     4  blocks.o(.text.get_TETRIS_BLOCK_T)
    get_TETRIS_BLOCK_Z                       0x00001159   Thumb Code     4  blocks.o(.text.get_TETRIS_BLOCK_Z)
    get_c_time                               0x00001161   Thumb Code     8  klaw.o(.text.get_c_time)
    get_game_area                            0x0000116d   Thumb Code    24  area.o(.text.get_game_area)
    get_game_over                            0x00001189   Thumb Code     8  area.o(.text.get_game_over)
    get_gravitation                          0x00001195   Thumb Code     8  menu.o(.text.get_gravitation)
    get_high_score                           0x000011a1   Thumb Code     8  menu.o(.text.get_high_score)
    get_initialized                          0x000011ad   Thumb Code     8  area.o(.text.get_initialized)
    get_last_displayed_score                 0x000011b9   Thumb Code     8  area.o(.text.get_last_displayed_score)
    get_last_slider_position                 0x000011c5   Thumb Code     8  area.o(.text.get_last_slider_position)
    get_level                                0x000011d1   Thumb Code     8  menu.o(.text.get_level)
    get_min_gravitation                      0x000011dd   Thumb Code     8  menu.o(.text.get_min_gravitation)
    get_next_random_index                    0x000011e9   Thumb Code     8  area.o(.text.get_next_random_index)
    get_oled_buffer                          0x000011f5   Thumb Code    16  oled.o(.text.get_oled_buffer)
    get_random_index                         0x00001205   Thumb Code     8  area.o(.text.get_random_index)
    get_score                                0x00001211   Thumb Code     8  area.o(.text.get_score)
    get_sec_OK                               0x0000121d   Thumb Code     8  klaw.o(.text.get_sec_OK)
    get_slider                               0x00001229   Thumb Code     8  area.o(.text.get_slider)
    get_slider_value                         0x00001235   Thumb Code     8  area.o(.text.get_slider_value)
    gpio_clear                               0x00001241   Thumb Code    16  gpio.o(.text.gpio_clear)
    gpio_init_pin                            0x00001255   Thumb Code    36  gpio.o(.text.gpio_init_pin)
    gpio_set                                 0x00001285   Thumb Code    16  gpio.o(.text.gpio_set)
    handle_button_input_2                    0x00001299   Thumb Code    32  area.o(.text.handle_button_input_2)
    handle_button_input_3                    0x000012b9   Thumb Code    38  area.o(.text.handle_button_input_3)
    handle_button_input_4                    0x000012df   Thumb Code    26  area.o(.text.handle_button_input_4)
    handle_touch_input                       0x000012f9   Thumb Code    88  area.o(.text.handle_touch_input)
    initialize_blocks                        0x00001351   Thumb Code    72  area.o(.text.initialize_blocks)
    introduction                             0x0000139d   Thumb Code   172  menu.o(.text.introduction)
    lock_block                               0x00001475   Thumb Code    68  area.o(.text.lock_block)
    main                                     0x000014b9   Thumb Code    10  main.o(.text.main)
    move_block                               0x000014c5   Thumb Code    36  area.o(.text.move_block)
    oled_clear_display                       0x000014ed   Thumb Code    10  oled.o(.text.oled_clear_display)
    oled_draw_char                           0x000014f7   Thumb Code   134  oled.o(.text.oled_draw_char)
    oled_draw_pixel                          0x0000157d   Thumb Code    52  oled.o(.text.oled_draw_pixel)
    oled_draw_string                         0x000015b5   Thumb Code    80  oled.o(.text.oled_draw_string)
    oled_fill_display                        0x00001605   Thumb Code    20  oled.o(.text.oled_fill_display)
    oled_init                                0x0000161d   Thumb Code   224  oled.o(.text.oled_init)
    oled_send_command                        0x00001701   Thumb Code    32  oled.o(.text.oled_send_command)
    oled_send_data                           0x00001721   Thumb Code    32  oled.o(.text.oled_send_data)
    oled_update_screen                       0x00001741   Thumb Code    80  oled.o(.text.oled_update_screen)
    reset_game                               0x00001791   Thumb Code   104  area.o(.text.reset_game)
    rotate_block                             0x000017fd   Thumb Code   276  area.o(.text.rotate_block)
    self_calibration                         0x00001911   Thumb Code   152  tsi.o(.text.self_calibration)
    set_S2_press                             0x000019b5   Thumb Code     8  klaw.o(.text.set_S2_press)
    set_S3_press                             0x000019c1   Thumb Code     8  klaw.o(.text.set_S3_press)
    set_S4_press                             0x000019cd   Thumb Code     8  klaw.o(.text.set_S4_press)
    set_c_time                               0x000019d9   Thumb Code     8  klaw.o(.text.set_c_time)
    set_current_block                        0x000019e5   Thumb Code    32  area.o(.text.set_current_block)
    set_game_area                            0x00001a05   Thumb Code    20  area.o(.text.set_game_area)
    set_game_over                            0x00001a1d   Thumb Code     8  area.o(.text.set_game_over)
    set_gravitation                          0x00001a29   Thumb Code     8  menu.o(.text.set_gravitation)
    set_high_score                           0x00001a35   Thumb Code     8  menu.o(.text.set_high_score)
    set_initialized                          0x00001a3d   Thumb Code     8  area.o(.text.set_initialized)
    set_last_displayed_score                 0x00001a49   Thumb Code     8  area.o(.text.set_last_displayed_score)
    set_last_slider_position                 0x00001a55   Thumb Code     8  area.o(.text.set_last_slider_position)
    set_level                                0x00001a61   Thumb Code     8  menu.o(.text.set_level)
    set_min_gravitation                      0x00001a6d   Thumb Code     8  menu.o(.text.set_min_gravitation)
    set_next_random_index                    0x00001a79   Thumb Code     8  area.o(.text.set_next_random_index)
    set_oled_buffer                          0x00001a85   Thumb Code    12  oled.o(.text.set_oled_buffer)
    set_random_index                         0x00001a95   Thumb Code     8  area.o(.text.set_random_index)
    set_score                                0x00001aa1   Thumb Code     8  area.o(.text.set_score)
    set_sec_OK                               0x00001aad   Thumb Code     8  klaw.o(.text.set_sec_OK)
    set_slider                               0x00001ab9   Thumb Code     8  area.o(.text.set_slider)
    set_slider_value                         0x00001ac5   Thumb Code     8  area.o(.text.set_slider_value)
    spawn_block_random                       0x00001ad1   Thumb Code   260  area.o(.text.spawn_block_random)
    spi_init                                 0x00001be9   Thumb Code   216  spi.o(.text.spi_init)
    spi_master_write                         0x00001cd5   Thumb Code    28  spi.o(.text.spi_master_write)
    start_game                               0x00001d0d   Thumb Code     6  game.o(.text.start_game)
    update_high_scores                       0x00001d15   Thumb Code    68  menu.o(.text.update_high_scores)
    __aeabi_uidiv                            0x00001d5d   Thumb Code    68  aeabi_sdivfast.o(.text_divfast)
    __aeabi_idiv                             0x00001da1   Thumb Code   434  aeabi_sdivfast.o(.text_divfast)
    Region$$Table$$Base                      0x000022cc   Number         0  anon$$obj.o(Region$$Table)
    Region$$Table$$Limit                     0x000022ec   Number         0  anon$$obj.o(Region$$Table)
    SystemCoreClock                          0x1ffffc00   Data           4  system_mkl05z4.o(.data.SystemCoreClock)
    _random_number_data                      0x1ffffc08   Data         228  rand.o(.bss)
    __libspace_start                         0x1ffffcec   Data          96  libspace.o(.bss)
    __temporary_stack_top$libspace           0x1ffffd4c   Data           0  libspace.o(.bss)



==============================================================================

Memory Map of the image

  Image Entry point : 0x000001b9

  Load Region LR_1 (Base: 0x00000000, Size: 0x000022f0, Max: 0xffffffff, ABSOLUTE)

    Execution Region ER_RO (Exec base: 0x00000000, Load base: 0x00000000, Size: 0x000022ec, Max: 0xffffffff, ABSOLUTE)

    Exec Addr    Load Addr    Size         Type   Attr      Idx    E Section Name        Object

    0x00000000   0x00000000   0x000000c0   Data   RO          372    RESET               startup_mkl05z4.o
    0x000000c0   0x000000c0   0x00000008   Code   RO          447  * !!!main             c_p.l(__main.o)
    0x000000c8   0x000000c8   0x0000003c   Code   RO          635    !!!scatter          c_p.l(__scatter.o)
    0x00000104   0x00000104   0x0000001a   Code   RO          637    !!handler_copy      c_p.l(__scatter_copy.o)
    0x0000011e   0x0000011e   0x00000002   PAD
    0x00000120   0x00000120   0x0000001c   Code   RO          639    !!handler_zi        c_p.l(__scatter_zi.o)
    0x0000013c   0x0000013c   0x00000002   Code   RO          427    .ARM.Collect$$_printf_percent$$00000000  c_p.l(_printf_percent.o)
    0x0000013e   0x0000013e   0x0000000a   Code   RO          425    .ARM.Collect$$_printf_percent$$00000009  c_p.l(_printf_d.o)
    0x00000148   0x00000148   0x0000000a   Code   RO          426    .ARM.Collect$$_printf_percent$$0000000A  c_p.l(_printf_u.o)
    0x00000152   0x00000152   0x00000004   Code   RO          462    .ARM.Collect$$_printf_percent$$00000017  c_p.l(_printf_percent_end.o)
    0x00000156   0x00000156   0x00000002   Code   RO          551    .ARM.Collect$$libinit$$00000000  c_p.l(libinit.o)
    0x00000158   0x00000158   0x00000000   Code   RO          466    .ARM.Collect$$libinit$$00000002  c_p.l(libinit2.o)
    0x00000158   0x00000158   0x00000000   Code   RO          468    .ARM.Collect$$libinit$$00000004  c_p.l(libinit2.o)
    0x00000158   0x00000158   0x00000000   Code   RO          471    .ARM.Collect$$libinit$$0000000A  c_p.l(libinit2.o)
    0x00000158   0x00000158   0x00000000   Code   RO          473    .ARM.Collect$$libinit$$0000000C  c_p.l(libinit2.o)
    0x00000158   0x00000158   0x00000004   Code   RO          474    .ARM.Collect$$libinit$$0000000D  c_p.l(libinit2.o)
    0x0000015c   0x0000015c   0x00000000   Code   RO          475    .ARM.Collect$$libinit$$0000000E  c_p.l(libinit2.o)
    0x0000015c   0x0000015c   0x00000000   Code   RO          478    .ARM.Collect$$libinit$$00000011  c_p.l(libinit2.o)
    0x0000015c   0x0000015c   0x00000000   Code   RO          480    .ARM.Collect$$libinit$$00000013  c_p.l(libinit2.o)
    0x0000015c   0x0000015c   0x00000000   Code   RO          482    .ARM.Collect$$libinit$$00000015  c_p.l(libinit2.o)
    0x0000015c   0x0000015c   0x00000000   Code   RO          484    .ARM.Collect$$libinit$$00000017  c_p.l(libinit2.o)
    0x0000015c   0x0000015c   0x00000000   Code   RO          486    .ARM.Collect$$libinit$$00000019  c_p.l(libinit2.o)
    0x0000015c   0x0000015c   0x00000000   Code   RO          488    .ARM.Collect$$libinit$$0000001B  c_p.l(libinit2.o)
    0x0000015c   0x0000015c   0x00000000   Code   RO          490    .ARM.Collect$$libinit$$0000001D  c_p.l(libinit2.o)
    0x0000015c   0x0000015c   0x00000000   Code   RO          492    .ARM.Collect$$libinit$$0000001F  c_p.l(libinit2.o)
    0x0000015c   0x0000015c   0x00000000   Code   RO          494    .ARM.Collect$$libinit$$00000021  c_p.l(libinit2.o)
    0x0000015c   0x0000015c   0x00000000   Code   RO          496    .ARM.Collect$$libinit$$00000023  c_p.l(libinit2.o)
    0x0000015c   0x0000015c   0x00000000   Code   RO          498    .ARM.Collect$$libinit$$00000025  c_p.l(libinit2.o)
    0x0000015c   0x0000015c   0x00000000   Code   RO          502    .ARM.Collect$$libinit$$0000002C  c_p.l(libinit2.o)
    0x0000015c   0x0000015c   0x00000000   Code   RO          504    .ARM.Collect$$libinit$$0000002E  c_p.l(libinit2.o)
    0x0000015c   0x0000015c   0x00000000   Code   RO          506    .ARM.Collect$$libinit$$00000030  c_p.l(libinit2.o)
    0x0000015c   0x0000015c   0x00000000   Code   RO          508    .ARM.Collect$$libinit$$00000032  c_p.l(libinit2.o)
    0x0000015c   0x0000015c   0x00000002   Code   RO          509    .ARM.Collect$$libinit$$00000033  c_p.l(libinit2.o)
    0x0000015e   0x0000015e   0x00000002   Code   RO          602    .ARM.Collect$$libshutdown$$00000000  c_p.l(libshutdown.o)
    0x00000160   0x00000160   0x00000000   Code   RO          618    .ARM.Collect$$libshutdown$$00000002  c_p.l(libshutdown2.o)
    0x00000160   0x00000160   0x00000000   Code   RO          620    .ARM.Collect$$libshutdown$$00000004  c_p.l(libshutdown2.o)
    0x00000160   0x00000160   0x00000000   Code   RO          623    .ARM.Collect$$libshutdown$$00000007  c_p.l(libshutdown2.o)
    0x00000160   0x00000160   0x00000000   Code   RO          626    .ARM.Collect$$libshutdown$$0000000A  c_p.l(libshutdown2.o)
    0x00000160   0x00000160   0x00000000   Code   RO          628    .ARM.Collect$$libshutdown$$0000000C  c_p.l(libshutdown2.o)
    0x00000160   0x00000160   0x00000000   Code   RO          631    .ARM.Collect$$libshutdown$$0000000F  c_p.l(libshutdown2.o)
    0x00000160   0x00000160   0x00000002   Code   RO          632    .ARM.Collect$$libshutdown$$00000010  c_p.l(libshutdown2.o)
    0x00000162   0x00000162   0x00000000   Code   RO          449    .ARM.Collect$$rtentry$$00000000  c_p.l(__rtentry.o)
    0x00000162   0x00000162   0x00000000   Code   RO          511    .ARM.Collect$$rtentry$$00000002  c_p.l(__rtentry2.o)
    0x00000162   0x00000162   0x00000006   Code   RO          523    .ARM.Collect$$rtentry$$00000004  c_p.l(__rtentry4.o)
    0x00000168   0x00000168   0x00000000   Code   RO          513    .ARM.Collect$$rtentry$$00000009  c_p.l(__rtentry2.o)
    0x00000168   0x00000168   0x00000004   Code   RO          514    .ARM.Collect$$rtentry$$0000000A  c_p.l(__rtentry2.o)
    0x0000016c   0x0000016c   0x00000000   Code   RO          516    .ARM.Collect$$rtentry$$0000000C  c_p.l(__rtentry2.o)
    0x0000016c   0x0000016c   0x00000008   Code   RO          517    .ARM.Collect$$rtentry$$0000000D  c_p.l(__rtentry2.o)
    0x00000174   0x00000174   0x00000002   Code   RO          560    .ARM.Collect$$rtexit$$00000000  c_p.l(rtexit.o)
    0x00000176   0x00000176   0x00000000   Code   RO          582    .ARM.Collect$$rtexit$$00000002  c_p.l(rtexit2.o)
    0x00000176   0x00000176   0x00000004   Code   RO          583    .ARM.Collect$$rtexit$$00000003  c_p.l(rtexit2.o)
    0x0000017a   0x0000017a   0x00000006   Code   RO          584    .ARM.Collect$$rtexit$$00000004  c_p.l(rtexit2.o)
    0x00000180   0x00000180   0x00000038   Code   RO          428    .emb_text           c_p.l(rand.o)
    0x000001b8   0x000001b8   0x00000034   Code   RO          374  * .text               startup_mkl05z4.o
    0x000001ec   0x000001ec   0x00000038   Code   RO          399    .text               c_p.l(noretval__2snprintf.o)
    0x00000224   0x00000224   0x0000006c   Code   RO          401    .text               c_p.l(__printf.o)
    0x00000290   0x00000290   0x0000006c   Code   RO          403    .text               c_p.l(_printf_dec.o)
    0x000002fc   0x000002fc   0x0000003c   Code   RO          429    .text               c_p.l(rand.o)
    0x00000338   0x00000338   0x00000012   Code   RO          433    .text               c_p.l(aeabi_memset4.o)
    0x0000034a   0x0000034a   0x00000040   Code   RO          435    .text               c_p.l(rt_memclr.o)
    0x0000038a   0x0000038a   0x00000006   Code   RO          445    .text               c_p.l(heapauxi.o)
    0x00000390   0x00000390   0x00000030   Code   RO          456    .text               c_p.l(_printf_char_common.o)
    0x000003c0   0x000003c0   0x0000000a   Code   RO          458    .text               c_p.l(_sputc.o)
    0x000003ca   0x000003ca   0x00000010   Code   RO          460    .text               c_p.l(_snputc.o)
    0x000003da   0x000003da   0x00000010   Code   RO          536    .text               c_p.l(exit.o)
    0x000003ea   0x000003ea   0x00000002   PAD
    0x000003ec   0x000003ec   0x00000008   Code   RO          556    .text               c_p.l(libspace.o)
    0x000003f4   0x000003f4   0x0000000c   Code   RO          574    .text               c_p.l(sys_exit.o)
    0x00000400   0x00000400   0x00000010   Code   RO          373    .ARM.__at_0x400     startup_mkl05z4.o
    0x00000410   0x00000410   0x000001f8   Code   RO          437    .text               c_p.l(aeabi_sdivfast.o)
    0x00000608   0x00000608   0x000000b0   Code   RO          454    .text               c_p.l(_printf_intcommon.o)
    0x000006b8   0x000006b8   0x00000028   Code   RO          463    .text               c_p.l(rtudiv10.o)
    0x000006e0   0x000006e0   0x0000003e   Code   RO          533    .text               c_p.l(sys_stackheap_outer.o)
    0x0000071e   0x0000071e   0x00000002   Code   RO          578    .text               c_p.l(use_no_semi.o)
    0x00000720   0x00000720   0x00000000   Code   RO          580    .text               c_p.l(indicate_semi.o)
    0x00000720   0x00000720   0x00000048   Code   RO          293    .text.Klaw_Init     klaw.o
    0x00000768   0x00000768   0x0000002c   Code   RO          295    .text.Klaw_S2_4_Int  klaw.o
    0x00000794   0x00000794   0x000000c0   Code   RO          303    .text.PORTA_IRQHandler  klaw.o
    0x00000854   0x00000854   0x00000020   Code   RO          339    .text.SysTick_Config  menu.o
    0x00000874   0x00000874   0x00000024   Code   RO          305    .text.SysTick_Handler  klaw.o
    0x00000898   0x00000898   0x0000004c   Code   RO          383    .text.SystemInit    system_mkl05z4.o
    0x000008e4   0x000008e4   0x00000014   Code   RO          240    .text.TSI0_IRQHandler  tsi.o
    0x000008f8   0x000008f8   0x00000050   Code   RO          226    .text.TSI_Init      tsi.o
    0x00000948   0x00000948   0x00000054   Code   RO          236    .text.TSI_ReadSlider  tsi.o
    0x0000099c   0x0000099c   0x0000000c   Code   RO          230    .text.__NVIC_ClearPendingIRQ  tsi.o
    0x000009a8   0x000009a8   0x00000010   Code   RO          299    .text.__NVIC_ClearPendingIRQ  klaw.o
    0x000009b8   0x000009b8   0x0000000c   Code   RO          232    .text.__NVIC_EnableIRQ  tsi.o
    0x000009c4   0x000009c4   0x00000010   Code   RO          301    .text.__NVIC_EnableIRQ  klaw.o
    0x000009d4   0x000009d4   0x00000018   Code   RO          228    .text.__NVIC_SetPriority  tsi.o
    0x000009ec   0x000009ec   0x00000018   Code   RO          297    .text.__NVIC_SetPriority  klaw.o
    0x00000a04   0x00000a04   0x00000018   Code   RO          349    .text.__NVIC_SetPriority  menu.o
    0x00000a1c   0x00000a1c   0x00000064   Code   RO          238    .text.change_electrode  tsi.o
    0x00000a80   0x00000a80   0x000000d0   Code   RO          175    .text.check_collision  area.o
    0x00000b50   0x00000b50   0x00000118   Code   RO          345    .text.choose_level  menu.o
    0x00000c68   0x00000c68   0x000000a8   Code   RO          185    .text.clear_lines   area.o
    0x00000d10   0x00000d10   0x0000001c   Code   RO           51    .text.clear_oled_buffer  oled.o
    0x00000d2c   0x00000d2c   0x00000060   Code   RO          343    .text.display_high_scores  menu.o
    0x00000d8c   0x00000d8c   0x0000006c   Code   RO          181    .text.display_score  area.o
    0x00000df8   0x00000df8   0x000001a4   Code   RO          179    .text.draw_game_area  area.o
    0x00000f9c   0x00000f9c   0x000000d4   Code   RO          199    .text.game_loop     area.o
    0x00001070   0x00001070   0x0000008c   Code   RO          347    .text.game_over_screen  menu.o
    0x000010fc   0x000010fc   0x00000008   Code   RO           84    .text.get_Font8     font.o
    0x00001104   0x00001104   0x0000000c   Code   RO          271    .text.get_S2_press  klaw.o
    0x00001110   0x00001110   0x0000000c   Code   RO          275    .text.get_S3_press  klaw.o
    0x0000111c   0x0000111c   0x0000000c   Code   RO          279    .text.get_S4_press  klaw.o
    0x00001128   0x00001128   0x00000008   Code   RO           95    .text.get_TETRIS_BLOCK_I  blocks.o
    0x00001130   0x00001130   0x00000008   Code   RO          103    .text.get_TETRIS_BLOCK_J  blocks.o
    0x00001138   0x00001138   0x00000008   Code   RO          101    .text.get_TETRIS_BLOCK_L  blocks.o
    0x00001140   0x00001140   0x00000008   Code   RO           97    .text.get_TETRIS_BLOCK_O  blocks.o
    0x00001148   0x00001148   0x00000008   Code   RO          105    .text.get_TETRIS_BLOCK_S  blocks.o
    0x00001150   0x00001150   0x00000008   Code   RO           99    .text.get_TETRIS_BLOCK_T  blocks.o
    0x00001158   0x00001158   0x00000008   Code   RO          107    .text.get_TETRIS_BLOCK_Z  blocks.o
    0x00001160   0x00001160   0x0000000c   Code   RO          283    .text.get_c_time    klaw.o
    0x0000116c   0x0000116c   0x0000001c   Code   RO          125    .text.get_game_area  area.o
    0x00001188   0x00001188   0x0000000c   Code   RO          149    .text.get_game_over  area.o
    0x00001194   0x00001194   0x0000000c   Code   RO          331    .text.get_gravitation  menu.o
    0x000011a0   0x000011a0   0x0000000c   Code   RO          323    .text.get_high_score  menu.o
    0x000011ac   0x000011ac   0x0000000c   Code   RO          137    .text.get_initialized  area.o
    0x000011b8   0x000011b8   0x0000000c   Code   RO          169    .text.get_last_displayed_score  area.o
    0x000011c4   0x000011c4   0x0000000c   Code   RO          161    .text.get_last_slider_position  area.o
    0x000011d0   0x000011d0   0x0000000c   Code   RO          327    .text.get_level     menu.o
    0x000011dc   0x000011dc   0x0000000c   Code   RO          335    .text.get_min_gravitation  menu.o
    0x000011e8   0x000011e8   0x0000000c   Code   RO          145    .text.get_next_random_index  area.o
    0x000011f4   0x000011f4   0x00000010   Code   RO           49    .text.get_oled_buffer  oled.o
    0x00001204   0x00001204   0x0000000c   Code   RO          141    .text.get_random_index  area.o
    0x00001210   0x00001210   0x0000000c   Code   RO          165    .text.get_score     area.o
    0x0000121c   0x0000121c   0x0000000c   Code   RO          291    .text.get_sec_OK    klaw.o
    0x00001228   0x00001228   0x0000000c   Code   RO          153    .text.get_slider    area.o
    0x00001234   0x00001234   0x0000000c   Code   RO          157    .text.get_slider_value  area.o
    0x00001240   0x00001240   0x00000014   Code   RO           33    .text.gpio_clear    gpio.o
    0x00001254   0x00001254   0x00000030   Code   RO           37    .text.gpio_init_pin  gpio.o
    0x00001284   0x00001284   0x00000014   Code   RO           35    .text.gpio_set      gpio.o
    0x00001298   0x00001298   0x00000020   Code   RO          191    .text.handle_button_input_2  area.o
    0x000012b8   0x000012b8   0x00000026   Code   RO          193    .text.handle_button_input_3  area.o
    0x000012de   0x000012de   0x0000001a   Code   RO          195    .text.handle_button_input_4  area.o
    0x000012f8   0x000012f8   0x00000058   Code   RO          187    .text.handle_touch_input  area.o
    0x00001350   0x00001350   0x0000004c   Code   RO          171    .text.initialize_blocks  area.o
    0x0000139c   0x0000139c   0x000000d8   Code   RO          337    .text.introduction  menu.o
    0x00001474   0x00001474   0x00000044   Code   RO          183    .text.lock_block    area.o
    0x000014b8   0x000014b8   0x0000000a   Code   RO           24    .text.main          main.o
    0x000014c2   0x000014c2   0x00000002   PAD
    0x000014c4   0x000014c4   0x00000028   Code   RO          177    .text.move_block    area.o
    0x000014ec   0x000014ec   0x0000000a   Code   RO           61    .text.oled_clear_display  oled.o
    0x000014f6   0x000014f6   0x00000086   Code   RO           63    .text.oled_draw_char  oled.o
    0x0000157c   0x0000157c   0x00000038   Code   RO           65    .text.oled_draw_pixel  oled.o
    0x000015b4   0x000015b4   0x00000050   Code   RO           67    .text.oled_draw_string  oled.o
    0x00001604   0x00001604   0x00000018   Code   RO           57    .text.oled_fill_display  oled.o
    0x0000161c   0x0000161c   0x000000e4   Code   RO           71    .text.oled_init     oled.o
    0x00001700   0x00001700   0x00000020   Code   RO           53    .text.oled_send_command  oled.o
    0x00001720   0x00001720   0x00000020   Code   RO           55    .text.oled_send_data  oled.o
    0x00001740   0x00001740   0x00000050   Code   RO           59    .text.oled_update_screen  oled.o
    0x00001790   0x00001790   0x0000006c   Code   RO          197    .text.reset_game    area.o
    0x000017fc   0x000017fc   0x00000114   Code   RO          189    .text.rotate_block  area.o
    0x00001910   0x00001910   0x000000a4   Code   RO          234    .text.self_calibration  tsi.o
    0x000019b4   0x000019b4   0x0000000c   Code   RO          269    .text.set_S2_press  klaw.o
    0x000019c0   0x000019c0   0x0000000c   Code   RO          273    .text.set_S3_press  klaw.o
    0x000019cc   0x000019cc   0x0000000c   Code   RO          277    .text.set_S4_press  klaw.o
    0x000019d8   0x000019d8   0x0000000c   Code   RO          281    .text.set_c_time    klaw.o
    0x000019e4   0x000019e4   0x00000020   Code   RO          127    .text.set_current_block  area.o
    0x00001a04   0x00001a04   0x00000018   Code   RO          123    .text.set_game_area  area.o
    0x00001a1c   0x00001a1c   0x0000000c   Code   RO          147    .text.set_game_over  area.o
    0x00001a28   0x00001a28   0x0000000c   Code   RO          329    .text.set_gravitation  menu.o
    0x00001a34   0x00001a34   0x00000008   Code   RO          321    .text.set_high_score  menu.o
    0x00001a3c   0x00001a3c   0x0000000c   Code   RO          135    .text.set_initialized  area.o
    0x00001a48   0x00001a48   0x0000000c   Code   RO          167    .text.set_last_displayed_score  area.o
    0x00001a54   0x00001a54   0x0000000c   Code   RO          159    .text.set_last_slider_position  area.o
    0x00001a60   0x00001a60   0x0000000c   Code   RO          325    .text.set_level     menu.o
    0x00001a6c   0x00001a6c   0x0000000c   Code   RO          333    .text.set_min_gravitation  menu.o
    0x00001a78   0x00001a78   0x0000000c   Code   RO          143    .text.set_next_random_index  area.o
    0x00001a84   0x00001a84   0x00000010   Code   RO           47    .text.set_oled_buffer  oled.o
    0x00001a94   0x00001a94   0x0000000c   Code   RO          139    .text.set_random_index  area.o
    0x00001aa0   0x00001aa0   0x0000000c   Code   RO          163    .text.set_score     area.o
    0x00001aac   0x00001aac   0x0000000c   Code   RO          289    .text.set_sec_OK    klaw.o
    0x00001ab8   0x00001ab8   0x0000000c   Code   RO          151    .text.set_slider    area.o
    0x00001ac4   0x00001ac4   0x0000000c   Code   RO          155    .text.set_slider_value  area.o
    0x00001ad0   0x00001ad0   0x00000118   Code   RO          173    .text.spawn_block_random  area.o
    0x00001be8   0x00001be8   0x000000ec   Code   RO            2    .text.spi_init      spi.o
    0x00001cd4   0x00001cd4   0x00000020   Code   RO            4    .text.spi_master_write  spi.o
    0x00001cf4   0x00001cf4   0x00000008   Code   RO           14    .text.spi_readable  spi.o
    0x00001cfc   0x00001cfc   0x00000010   Code   RO           12    .text.spi_writeable  spi.o
    0x00001d0c   0x00001d0c   0x00000006   Code   RO          363    .text.start_game    game.o
    0x00001d12   0x00001d12   0x00000002   PAD
    0x00001d14   0x00001d14   0x00000048   Code   RO          341    .text.update_high_scores  menu.o
    0x00001d5c   0x00001d5c   0x000001f6   Code   RO          438    .text_divfast       c_p.l(aeabi_sdivfast.o)
    0x00001f52   0x00001f52   0x00000002   PAD
    0x00001f54   0x00001f54   0x00000008   Data   RO           87    .rodata.Font8       font.o
    0x00001f5c   0x00001f5c   0x00000300   Data   RO           86    .rodata.Font8_Table  font.o
    0x0000225c   0x0000225c   0x00000008   Data   RO          109    .rodata.TETRIS_BLOCK_I  blocks.o
    0x00002264   0x00002264   0x00000010   Data   RO          113    .rodata.TETRIS_BLOCK_J  blocks.o
    0x00002274   0x00002274   0x00000010   Data   RO          112    .rodata.TETRIS_BLOCK_L  blocks.o
    0x00002284   0x00002284   0x00000010   Data   RO          110    .rodata.TETRIS_BLOCK_O  blocks.o
    0x00002294   0x00002294   0x00000010   Data   RO          114    .rodata.TETRIS_BLOCK_S  blocks.o
    0x000022a4   0x000022a4   0x00000010   Data   RO          111    .rodata.TETRIS_BLOCK_T  blocks.o
    0x000022b4   0x000022b4   0x00000010   Data   RO          115    .rodata.TETRIS_BLOCK_Z  blocks.o
    0x000022c4   0x000022c4   0x00000002   Data   RO          244    .rodata.elec_array  tsi.o
    0x000022c6   0x000022c6   0x00000004   Data   RO          217    .rodata.str1.1      area.o
    0x000022ca   0x000022ca   0x00000002   PAD
    0x000022cc   0x000022cc   0x00000020   Data   RO          634    Region$$Table       anon$$obj.o


    Execution Region ER_RW (Exec base: 0x1ffffc00, Load base: 0x000022ec, Size: 0x00000004, Max: 0xffffffff, ABSOLUTE)

    Exec Addr    Load Addr    Size         Type   Attr      Idx    E Section Name        Object

    0x1ffffc00   0x000022ec   0x00000004   Data   RW          387    .data.SystemCoreClock  system_mkl05z4.o


    Execution Region ER_ZI (Exec base: 0x1ffffc08, Load base: 0x000022f0, Size: 0x00000830, Max: 0xffffffff, ABSOLUTE)

    Exec Addr    Load Addr    Size         Type   Attr      Idx    E Section Name        Object

    0x1ffffc08        -       0x000000e4   Zero   RW          430    .bss                c_p.l(rand.o)
    0x1ffffcec        -       0x00000060   Zero   RW          557    .bss                c_p.l(libspace.o)
    0x1ffffd4c        -       0x00000001   Zero   RW          307    .bss.S2_press       klaw.o
    0x1ffffd4d        -       0x00000001   Zero   RW          308    .bss.S3_press       klaw.o
    0x1ffffd4e        -       0x00000001   Zero   RW          309    .bss.S4_press       klaw.o
    0x1ffffd4f   0x000022f0   0x00000001   PAD
    0x1ffffd50        -       0x00000038   Zero   RW          213    .bss.blocks         area.o
    0x1ffffd88        -       0x00000004   Zero   RW          310    .bss.c_time         klaw.o
    0x1ffffd8c        -       0x00000028   Zero   RW          202    .bss.current_block  area.o
    0x1ffffdb4        -       0x00000001   Zero   RW          242    .bss.end_flag       tsi.o
    0x1ffffdb5   0x000022f0   0x00000003   PAD
    0x1ffffdb8        -       0x00000001   Zero   RW          214    .bss.first_block    area.o
    0x1ffffdb9   0x000022f0   0x00000003   PAD
    0x1ffffdbc        -       0x000000d8   Zero   RW          201    .bss.game_area      area.o
    0x1ffffe94        -       0x00000004   Zero   RW          207    .bss.game_over      area.o
    0x1ffffe98        -       0x00000004   Zero   RW          353    .bss.gravitation    menu.o
    0x1ffffe9c        -       0x00000004   Zero   RW          245    .bss.gu16Baseline   tsi.o
    0x1ffffea0        -       0x00000004   Zero   RW          243    .bss.gu16Delta      tsi.o
    0x1ffffea4        -       0x00000014   Zero   RW          351    .bss.high_scores    menu.o
    0x1ffffeb8        -       0x00000001   Zero   RW          204    .bss.initialized    area.o
    0x1ffffeb9   0x000022f0   0x00000003   PAD
    0x1ffffebc        -       0x00000004   Zero   RW          212    .bss.last_displayed_score  area.o
    0x1ffffec0        -       0x00000001   Zero   RW          210    .bss.last_slider_position  area.o
    0x1ffffec1        -       0x00000001   Zero   RW          352    .bss.level          menu.o
    0x1ffffec2   0x000022f0   0x00000002   PAD
    0x1ffffec4        -       0x00000004   Zero   RW          354    .bss.min_gravitation  menu.o
    0x1ffffec8        -       0x00000028   Zero   RW          215    .bss.next_block     area.o
    0x1ffffef0        -       0x00000001   Zero   RW          206    .bss.next_random_index  area.o
    0x1ffffef1   0x000022f0   0x00000003   PAD
    0x1ffffef4        -       0x00000420   Zero   RW           73    .bss.oled_buffer    oled.o
    0x20000314        -       0x00000001   Zero   RW          246    .bss.ongoing_elec   tsi.o
    0x20000315        -       0x00000001   Zero   RW          205    .bss.random_index   area.o
    0x20000316   0x000022f0   0x00000002   PAD
    0x20000318        -       0x00000004   Zero   RW          211    .bss.score          area.o
    0x2000031c        -       0x00000014   Zero   RW          216    .bss.score_text     area.o
    0x20000330        -       0x00000001   Zero   RW          311    .bss.sec            klaw.o
    0x20000331        -       0x00000001   Zero   RW          312    .bss.sec_OK         klaw.o
    0x20000332        -       0x00000001   Zero   RW          208    .bss.slider_position  area.o
    0x20000333        -       0x00000001   Zero   RW          209    .bss.slider_value   area.o
    0x20000334   0x000022f0   0x00000004   PAD
    0x20000338        -       0x00000000   Zero   RW          371    HEAP                startup_mkl05z4.o
    0x20000338        -       0x00000100   Zero   RW          370    STACK               startup_mkl05z4.o


==============================================================================

Image component sizes


      Code (inc. data)   RO Data    RW Data    ZI Data      Debug   Object Name

      2448        156          4          0        391      11055   area.o
        56         28        104          0          0       1365   blocks.o
         8          4        776          0          0        866   font.o
         6          0          0          0          0        313   game.o
        88         20          0          0          0       2057   gpio.o
       520         80          0          0          9       5528   klaw.o
        10          0          0          0          0        318   main.o
       952        184          0          0         29       5319   menu.o
       736         20          0          0       1056       5221   oled.o
       292         28          0          0          0       4206   spi.o
        68         38        192          0        256        788   startup_mkl05z4.o
        76         16          0          4          0       2305   system_mkl05z4.o
       496         60          2          0         10       4739   tsi.o

    ----------------------------------------------------------------------
      5760        634       1112          4       1772      44080   Object Totals
         0          0         32          0          0          0   (incl. Generated)
         4          0          2          0         21          0   (incl. Padding)

    ----------------------------------------------------------------------

      Code (inc. data)   RO Data    RW Data    ZI Data      Debug   Library Member Name

         8          0          0          0          0         68   __main.o
       108          0          0          0          0         76   __printf.o
         0          0          0          0          0          0   __rtentry.o
        12          0          0          0          0          0   __rtentry2.o
         6          0          0          0          0          0   __rtentry4.o
        60          8          0          0          0          0   __scatter.o
        26          0          0          0          0          0   __scatter_copy.o
        28          0          0          0          0          0   __scatter_zi.o
        48          6          0          0          0         88   _printf_char_common.o
        10          0          0          0          0          0   _printf_d.o
       108         18          0          0          0         76   _printf_dec.o
       176          0          0          0          0         84   _printf_intcommon.o
         2          0          0          0          0          0   _printf_percent.o
         4          0          0          0          0          0   _printf_percent_end.o
        10          0          0          0          0          0   _printf_u.o
        16          0          0          0          0         60   _snputc.o
        10          0          0          0          0         60   _sputc.o
        18          0          0          0          0         68   aeabi_memset4.o
      1006          4          0          0          0        184   aeabi_sdivfast.o
        16          0          0          0          0         68   exit.o
         6          0          0          0          0        136   heapauxi.o
         0          0          0          0          0          0   indicate_semi.o
         2          0          0          0          0          0   libinit.o
         6          0          0          0          0          0   libinit2.o
         2          0          0          0          0          0   libshutdown.o
         2          0          0          0          0          0   libshutdown2.o
         8          4          0          0         96         68   libspace.o
        56          6          0          0          0         84   noretval__2snprintf.o
       116         16          0          0        228        156   rand.o
        64          0          0          0          0        108   rt_memclr.o
         2          0          0          0          0          0   rtexit.o
        10          0          0          0          0          0   rtexit2.o
        40          0          0          0          0         60   rtudiv10.o
        12          4          0          0          0         60   sys_exit.o
        62          0          0          0          0         80   sys_stackheap_outer.o
         2          0          0          0          0         68   use_no_semi.o

    ----------------------------------------------------------------------
      2068         66          0          0        324       1652   Library Totals
         6          0          0          0          0          0   (incl. Padding)

    ----------------------------------------------------------------------

      Code (inc. data)   RO Data    RW Data    ZI Data      Debug   Library Name

      2062         66          0          0        324       1652   c_p.l

    ----------------------------------------------------------------------
      2068         66          0          0        324       1652   Library Totals

    ----------------------------------------------------------------------

==============================================================================


      Code (inc. data)   RO Data    RW Data    ZI Data      Debug   

      7828        700       1112          4       2096      44780   Grand Totals
      7828        700       1112          4       2096      44780   ELF Image Totals
      7828        700       1112          4          0          0   ROM Totals

==============================================================================

    Total RO  Size (Code + RO Data)                 8940 (   8.73kB)
    Total RW  Size (RW Data + ZI Data)              2100 (   2.05kB)
    Total ROM Size (Code + RO Data + RW Data)       8944 (   8.73kB)

==============================================================================

